Interval 100

# Explicitly set hostname to "" to indicate the default resource.
Hostname ""

# The Stackdriver agent does not use fully qualified domain names.
FQDNLookup false

# Collectd processes its config in order, so this must be loaded first in order
# to catch messages from other plugins during configuration.
LoadPlugin syslog
<Plugin "syslog">
  LogLevel "info"
</Plugin>

LoadPlugin stackdriver_agent
LoadPlugin write_gcm
<Plugin "write_gcm">
  PrettyPrintJSON false
</Plugin>

LoadPlugin cpu
<Plugin "cpu">
  ValuesPercentage true
  ReportByCpu true
  ReportByState true
</Plugin>

LoadPlugin disk
<Plugin "disk">
</Plugin>

LoadPlugin df
<Plugin "df">
  FSType "devfs"
  IgnoreSelected true
  ReportByDevice true
  ValuesPercentage true
</Plugin>

LoadPlugin swap
<Plugin "swap">
  ValuesPercentage true
</Plugin>

LoadPlugin memory
<Plugin "memory">
  ValuesPercentage true
</Plugin>

LoadPlugin processes
LoadPlugin match_regex
LoadPlugin match_throttle_metadata_keys
<Plugin "processes">
  ProcessMatch "all" ".*"
  Detail "ps_cputime"
  Detail "ps_disk_octets"
  Detail "ps_rss"
  Detail "ps_vm"
</Plugin>

PostCacheChain "PostCache"
<Chain "PostCache">
  <Rule "processes">
    <Match "regex">
      Plugin "^processes$"
      Type "^(ps_cputime|disk_octets|ps_rss|ps_vm)$"
    </Match>
    <Target "jump">
      Chain "MaybeThrottleProcesses"
    </Target>
    Target "stop"
  </Rule>

  <Rule "otherwise">
    <Match "throttle_metadata_keys">
      OKToThrottle false
      HighWaterMark 5700000000  # 950M * 6
      LowWaterMark 4800000000  # 800M * 6
    </Match>
    <Target "write">
       Plugin "write_gcm"
    </Target>
  </Rule>
</Chain>

<Chain "MaybeThrottleProcesses">
  <Rule "default">
    <Match "throttle_metadata_keys">
      OKToThrottle true
      TrackedMetadata "processes:pid"
      TrackedMetadata "processes:command"
      TrackedMetadata "processes:command_line"
      TrackedMetadata "processes:owner"
    </Match>
    <Target "write">
       Plugin "write_gcm"
    </Target>
  </Rule>
</Chain>

LoadPlugin interface
<Plugin "interface">
</Plugin>

LoadPlugin tcpconns
<Plugin "tcpconns">
  AllPortsSummary true
</Plugin>
